// Jest Snapshot v1, https://goo.gl/fbAQLP

exports[`Comment View Component should render the component 1`] = `
<CommentView
  comment={
    Object {
      "comment": "test comment",
      "createdDateTime": 1587327728843,
      "email": "test@gmail.com",
      "name": "Mohamed Haneef",
      "rating": "5",
    }
  }
>
  <li
    className="comment user-comment"
  >
    <div
      className="info"
    >
      <a>
        Mohamed Haneef
      </a>
      <span>
        Apr 20 12:22 AM
      </span>
    </div>
    <div
      className="comment-view"
    >
      <p>
        test comment
      </p>
      <div
        className="custom-row"
      >
        <span
          className="rating-text"
        >
          Rating
        </span>
        <span
          className="rating-star"
        >
          <FontAwesomeIcon
            border={false}
            className="star-icon"
            fixedWidth={false}
            flip={null}
            icon={
              Object {
                "icon": Array [
                  576,
                  512,
                  Array [],
                  "f005",
                  "M259.3 17.8L194 150.2 47.9 171.5c-26.2 3.8-36.7 36.1-17.7 54.6l105.7 103-25 145.5c-4.5 26.3 23.2 46 46.4 33.7L288 439.6l130.7 68.7c23.2 12.2 50.9-7.4 46.4-33.7l-25-145.5 105.7-103c19-18.5 8.5-50.8-17.7-54.6L382 150.2 316.7 17.8c-11.7-23.6-45.6-23.9-57.4 0z",
                ],
                "iconName": "star",
                "prefix": "fas",
              }
            }
            inverse={false}
            key="0"
            listItem={false}
            mask={null}
            pull={null}
            pulse={false}
            rotation={null}
            size={null}
            spin={false}
            swapOpacity={false}
            symbol={false}
            title=""
            transform={null}
          >
            <svg
              aria-hidden="true"
              className="svg-inline--fa fa-star fa-w-18 star-icon"
              data-icon="star"
              data-prefix="fas"
              focusable="false"
              role="img"
              style={Object {}}
              viewBox="0 0 576 512"
              xmlns="http://www.w3.org/2000/svg"
            >
              <path
                d="M259.3 17.8L194 150.2 47.9 171.5c-26.2 3.8-36.7 36.1-17.7 54.6l105.7 103-25 145.5c-4.5 26.3 23.2 46 46.4 33.7L288 439.6l130.7 68.7c23.2 12.2 50.9-7.4 46.4-33.7l-25-145.5 105.7-103c19-18.5 8.5-50.8-17.7-54.6L382 150.2 316.7 17.8c-11.7-23.6-45.6-23.9-57.4 0z"
                fill="currentColor"
                style={Object {}}
              />
            </svg>
          </FontAwesomeIcon>
          <FontAwesomeIcon
            border={false}
            className="star-icon"
            fixedWidth={false}
            flip={null}
            icon={
              Object {
                "icon": Array [
                  576,
                  512,
                  Array [],
                  "f005",
                  "M259.3 17.8L194 150.2 47.9 171.5c-26.2 3.8-36.7 36.1-17.7 54.6l105.7 103-25 145.5c-4.5 26.3 23.2 46 46.4 33.7L288 439.6l130.7 68.7c23.2 12.2 50.9-7.4 46.4-33.7l-25-145.5 105.7-103c19-18.5 8.5-50.8-17.7-54.6L382 150.2 316.7 17.8c-11.7-23.6-45.6-23.9-57.4 0z",
                ],
                "iconName": "star",
                "prefix": "fas",
              }
            }
            inverse={false}
            key="1"
            listItem={false}
            mask={null}
            pull={null}
            pulse={false}
            rotation={null}
            size={null}
            spin={false}
            swapOpacity={false}
            symbol={false}
            title=""
            transform={null}
          >
            <svg
              aria-hidden="true"
              className="svg-inline--fa fa-star fa-w-18 star-icon"
              data-icon="star"
              data-prefix="fas"
              focusable="false"
              role="img"
              style={Object {}}
              viewBox="0 0 576 512"
              xmlns="http://www.w3.org/2000/svg"
            >
              <path
                d="M259.3 17.8L194 150.2 47.9 171.5c-26.2 3.8-36.7 36.1-17.7 54.6l105.7 103-25 145.5c-4.5 26.3 23.2 46 46.4 33.7L288 439.6l130.7 68.7c23.2 12.2 50.9-7.4 46.4-33.7l-25-145.5 105.7-103c19-18.5 8.5-50.8-17.7-54.6L382 150.2 316.7 17.8c-11.7-23.6-45.6-23.9-57.4 0z"
                fill="currentColor"
                style={Object {}}
              />
            </svg>
          </FontAwesomeIcon>
          <FontAwesomeIcon
            border={false}
            className="star-icon"
            fixedWidth={false}
            flip={null}
            icon={
              Object {
                "icon": Array [
                  576,
                  512,
                  Array [],
                  "f005",
                  "M259.3 17.8L194 150.2 47.9 171.5c-26.2 3.8-36.7 36.1-17.7 54.6l105.7 103-25 145.5c-4.5 26.3 23.2 46 46.4 33.7L288 439.6l130.7 68.7c23.2 12.2 50.9-7.4 46.4-33.7l-25-145.5 105.7-103c19-18.5 8.5-50.8-17.7-54.6L382 150.2 316.7 17.8c-11.7-23.6-45.6-23.9-57.4 0z",
                ],
                "iconName": "star",
                "prefix": "fas",
              }
            }
            inverse={false}
            key="2"
            listItem={false}
            mask={null}
            pull={null}
            pulse={false}
            rotation={null}
            size={null}
            spin={false}
            swapOpacity={false}
            symbol={false}
            title=""
            transform={null}
          >
            <svg
              aria-hidden="true"
              className="svg-inline--fa fa-star fa-w-18 star-icon"
              data-icon="star"
              data-prefix="fas"
              focusable="false"
              role="img"
              style={Object {}}
              viewBox="0 0 576 512"
              xmlns="http://www.w3.org/2000/svg"
            >
              <path
                d="M259.3 17.8L194 150.2 47.9 171.5c-26.2 3.8-36.7 36.1-17.7 54.6l105.7 103-25 145.5c-4.5 26.3 23.2 46 46.4 33.7L288 439.6l130.7 68.7c23.2 12.2 50.9-7.4 46.4-33.7l-25-145.5 105.7-103c19-18.5 8.5-50.8-17.7-54.6L382 150.2 316.7 17.8c-11.7-23.6-45.6-23.9-57.4 0z"
                fill="currentColor"
                style={Object {}}
              />
            </svg>
          </FontAwesomeIcon>
          <FontAwesomeIcon
            border={false}
            className="star-icon"
            fixedWidth={false}
            flip={null}
            icon={
              Object {
                "icon": Array [
                  576,
                  512,
                  Array [],
                  "f005",
                  "M259.3 17.8L194 150.2 47.9 171.5c-26.2 3.8-36.7 36.1-17.7 54.6l105.7 103-25 145.5c-4.5 26.3 23.2 46 46.4 33.7L288 439.6l130.7 68.7c23.2 12.2 50.9-7.4 46.4-33.7l-25-145.5 105.7-103c19-18.5 8.5-50.8-17.7-54.6L382 150.2 316.7 17.8c-11.7-23.6-45.6-23.9-57.4 0z",
                ],
                "iconName": "star",
                "prefix": "fas",
              }
            }
            inverse={false}
            key="3"
            listItem={false}
            mask={null}
            pull={null}
            pulse={false}
            rotation={null}
            size={null}
            spin={false}
            swapOpacity={false}
            symbol={false}
            title=""
            transform={null}
          >
            <svg
              aria-hidden="true"
              className="svg-inline--fa fa-star fa-w-18 star-icon"
              data-icon="star"
              data-prefix="fas"
              focusable="false"
              role="img"
              style={Object {}}
              viewBox="0 0 576 512"
              xmlns="http://www.w3.org/2000/svg"
            >
              <path
                d="M259.3 17.8L194 150.2 47.9 171.5c-26.2 3.8-36.7 36.1-17.7 54.6l105.7 103-25 145.5c-4.5 26.3 23.2 46 46.4 33.7L288 439.6l130.7 68.7c23.2 12.2 50.9-7.4 46.4-33.7l-25-145.5 105.7-103c19-18.5 8.5-50.8-17.7-54.6L382 150.2 316.7 17.8c-11.7-23.6-45.6-23.9-57.4 0z"
                fill="currentColor"
                style={Object {}}
              />
            </svg>
          </FontAwesomeIcon>
          <FontAwesomeIcon
            border={false}
            className="star-icon"
            fixedWidth={false}
            flip={null}
            icon={
              Object {
                "icon": Array [
                  576,
                  512,
                  Array [],
                  "f005",
                  "M259.3 17.8L194 150.2 47.9 171.5c-26.2 3.8-36.7 36.1-17.7 54.6l105.7 103-25 145.5c-4.5 26.3 23.2 46 46.4 33.7L288 439.6l130.7 68.7c23.2 12.2 50.9-7.4 46.4-33.7l-25-145.5 105.7-103c19-18.5 8.5-50.8-17.7-54.6L382 150.2 316.7 17.8c-11.7-23.6-45.6-23.9-57.4 0z",
                ],
                "iconName": "star",
                "prefix": "fas",
              }
            }
            inverse={false}
            key="4"
            listItem={false}
            mask={null}
            pull={null}
            pulse={false}
            rotation={null}
            size={null}
            spin={false}
            swapOpacity={false}
            symbol={false}
            title=""
            transform={null}
          >
            <svg
              aria-hidden="true"
              className="svg-inline--fa fa-star fa-w-18 star-icon"
              data-icon="star"
              data-prefix="fas"
              focusable="false"
              role="img"
              style={Object {}}
              viewBox="0 0 576 512"
              xmlns="http://www.w3.org/2000/svg"
            >
              <path
                d="M259.3 17.8L194 150.2 47.9 171.5c-26.2 3.8-36.7 36.1-17.7 54.6l105.7 103-25 145.5c-4.5 26.3 23.2 46 46.4 33.7L288 439.6l130.7 68.7c23.2 12.2 50.9-7.4 46.4-33.7l-25-145.5 105.7-103c19-18.5 8.5-50.8-17.7-54.6L382 150.2 316.7 17.8c-11.7-23.6-45.6-23.9-57.4 0z"
                fill="currentColor"
                style={Object {}}
              />
            </svg>
          </FontAwesomeIcon>
        </span>
      </div>
    </div>
  </li>
</CommentView>
`;
